I'm sorry, but errors were detected in your script. Please correct the
errors listed below, and try again.


File "game/script.rpy", line 59: end of line expected.
    with vpunch, hpunch
               ^

Ren'Py Version: Ren'Py 8.3.3.24111502
Sat Sep  6 22:00:45 2025
